Microchip MPLAB XC8 Compiler V2.32

Linker command line:

-W-3 --edf=C:\Program Files\Microchip\xc8\v2.32\pic\dat\en_msgs.txt -cn \
  -h+dist/default/production\testproj.X.production.sym \
  --cmf=dist/default/production\testproj.X.production.cmf -z -Q18F26K83 \
  -oC:\Users\tlope\AppData\Local\Temp\xcAsb04.4 --defsym=__MPLAB_BUILD=1 \
  -Mdist/default/production/testproj.X.production.map -E1 -ver=XC8 Compiler \
  --acfsm=1493 -ASTACK=01D4h-0FFFh -pstack=STACK -ACODE=00h-0FFFFh \
  -ACONST=00h-0FFFFh -ASMALLCONST=01000h-010FFhx240 \
  -AMEDIUMCONST=01000h-0FFFFh -ACOMRAM=01h-05Fh -AABS1=00h-0FFFh \
  -ABIGRAM=01h-0FFFh -ARAM=060h-0FFh,0100h-01FFhx15 -ABANK0=060h-0FFh \
  -ABANK1=0100h-01FFh -ABANK2=0200h-02FFh -ABANK3=0300h-03FFh \
  -ABANK4=0400h-04FFh -ABANK5=0500h-05FFh -ABANK6=0600h-06FFh \
  -ABANK7=0700h-07FFh -ABANK8=0800h-08FFh -ABANK9=0900h-09FFh \
  -ABANK10=0A00h-0AFFh -ABANK11=0B00h-0BFFh -ABANK12=0C00h-0CFFh \
  -ABANK13=0D00h-0DFFh -ABANK14=0E00h-0EFFh -ABANK15=0F00h-0FFFh \
  -ASFR=03700h-037FFhx8,03F00h-03F5Fh,03F60h-03FFFh \
  -ACONFIG=0300000h-0300009h -AIDLOC=0200000h-020000Fh \
  -AEEDATA=0310000h-03103FFh -peeprom_data=EEDATA -preset_vec=00h \
  -ppowerup=CODE,init -pramtop=01000h -psmallconst=SMALLCONST \
  -pmediumconst=MEDIUMCONST -pconst=CONST -AFARRAM=00h-00h \
  -prdata=COMRAM,nvrram=COMRAM,nvbit=COMRAM,rbss=COMRAM,rbit=COMRAM \
  -pfarbss=FARRAM,fardata=FARRAM,nvFARRAM=FARRAM \
  -pintsave_regs=BIGRAM,bigbss=BIGRAM,bigdata=BIGRAM -pbss=RAM \
  -pidata=CODE,irdata=CODE,ibigdata=CODE,ifardata=CODE -prparam=COMRAM \
  C:\Users\tlope\AppData\Local\Temp\xcAsb04.o \
  dist/default/production\testproj.X.production.o 

Object code version is 3.11

Machine type is 18F26K83



                Name                               Link     Load   Length Selector   Space Scale
C:\Users\tlope\AppData\Local\Temp\xcAsb04.o
                idloc                            200000   200000       10        0       5
                config                           300000   300000        A        0       4
                init                               FFFC     FFFC        4     7FFE       0
                reset_vec                             0        0        4        0       0
dist/default/production\testproj.X.production.o
                idloc                            200000   200000       10        0       5
                config                           300000   300000        A        0       4
                text18                             F8C8     F8C8       18     7C64       0
                text17                             F98A     F98A       56     7CC5       0
                text16                             F916     F916       24     7C8B       0
                text15                             F882     F882        A     7C41       0
                text14                             F88C     F88C        A     7C46       0
                text13                             F896     F896        A     7C4B       0
                text12                             F9E0     F9E0       68     7CF0       0
                text11                             F8A0     F8A0       12     7C50       0
                text10                             F8E0     F8E0       1A     7C70       0
                text9                              F93A     F93A       50     7C9D       0
                text8                              FBF8     FBF8      138     7DFC       0
                text7                              F87C     F87C        2     7C3E       0
                text6                              F87E     F87E        2     7C3F       0
                text5                              F880     F880        2     7C40       0
                text4                              FB5C     FB5C       9C     7DAE       0
                text3                              F8B2     F8B2       16     7C59       0
                text2                              FD30     FD30      2CC     7E98       0
                text1                              FAC8     FAC8       94     7D64       0
                text0                              FA48     FA48       80     7D24       0
                cstackCOMRAM                          1        1       11        1       1
                cstackBANK1                         100      100       D4      100       1
                bssBANK0                             60       60       8C       60       1
                bssCOMRAM                            18       18        3        1       1
                cinit                              F8FA     F8FA       1C     7C7D       0
                nvCOMRAM                             12       12        6        1       1

TOTAL           Name                               Link     Load   Length     Space
        CLASS   STACK          

        CLASS   CODE           
                init                               FFFC     FFFC        4         0
                reset_vec                             0        0        4         0
                text18                             F8C8     F8C8       18         0
                text17                             F98A     F98A       56         0
                text16                             F916     F916       24         0
                text15                             F882     F882        A         0
                text14                             F88C     F88C        A         0
                text13                             F896     F896        A         0
                text12                             F9E0     F9E0       68         0
                text11                             F8A0     F8A0       12         0
                text10                             F8E0     F8E0       1A         0
                text9                              F93A     F93A       50         0
                text8                              FBF8     FBF8      138         0
                text7                              F87C     F87C        2         0
                text6                              F87E     F87E        2         0
                text5                              F880     F880        2         0
                text4                              FB5C     FB5C       9C         0
                text3                              F8B2     F8B2       16         0
                text2                              FD30     FD30      2CC         0
                text1                              FAC8     FAC8       94         0
                text0                              FA48     FA48       80         0
                cinit                              F8FA     F8FA       1C         0

        CLASS   CONST          

        CLASS   SMALLCONST     

        CLASS   MEDIUMCONST    

        CLASS   COMRAM         
                cstackCOMRAM                          1        1       11         1
                bssCOMRAM                            18       18        3         1
                nvCOMRAM                             12       12        6         1

        CLASS   ABS1           

        CLASS   BIGRAM         

        CLASS   RAM            

        CLASS   BANK0          
                bssBANK0                             60       60       8C         1

        CLASS   BANK1          
                cstackBANK1                         100      100       D4         1

        CLASS   BANK2          

        CLASS   BANK3          

        CLASS   BANK4          

        CLASS   BANK5          

        CLASS   BANK6          

        CLASS   BANK7          

        CLASS   BANK8          

        CLASS   BANK9          

        CLASS   BANK10         

        CLASS   BANK11         

        CLASS   BANK12         

        CLASS   BANK13         

        CLASS   BANK14         

        CLASS   BANK15         

        CLASS   SFR            

        CLASS   CONFIG         
                config                           300000   300000        A         4

        CLASS   IDLOC          
                idloc                            200000   200000       10         5

        CLASS   EEDATA         

        CLASS   FARRAM         



SEGMENTS        Name                           Load    Length   Top    Selector   Space  Class

                reset_vec                      000000  000004  000004         0       0  CODE    
                cstackCOMRAM                   000001  00001A  00001B         1       1  COMRAM  
                bssBANK0                       000060  00008C  0000EC        60       1  BANK0   
                cstackBANK1                    000100  0000D4  0001D4       100       1  BANK1   
                text7                          00F87C  000002  00F87E      7C3E       0  CODE    
                text6                          00F87E  000002  00F880      7C3F       0  CODE    
                text5                          00F880  000002  00F882      7C40       0  CODE    
                text15                         00F882  00000A  00F88C      7C41       0  CODE    
                text14                         00F88C  00000A  00F896      7C46       0  CODE    
                text13                         00F896  00000A  00F8A0      7C4B       0  CODE    
                text11                         00F8A0  000012  00F8B2      7C50       0  CODE    
                text3                          00F8B2  000016  00F8C8      7C59       0  CODE    
                text18                         00F8C8  000018  00F8E0      7C64       0  CODE    
                text10                         00F8E0  00001A  00F8FA      7C70       0  CODE    
                cinit                          00F8FA  00001C  00F916      7C7D       0  CODE    
                text16                         00F916  000024  00F93A      7C8B       0  CODE    
                text9                          00F93A  000050  00F98A      7C9D       0  CODE    
                text17                         00F98A  000056  00F9E0      7CC5       0  CODE    
                text12                         00F9E0  000068  00FA48      7CF0       0  CODE    
                text0                          00FA48  000080  00FAC8      7D24       0  CODE    
                text1                          00FAC8  000094  00FB5C      7D64       0  CODE    
                text4                          00FB5C  00009C  00FBF8      7DAE       0  CODE    
                text8                          00FBF8  000138  00FD30      7DFC       0  CODE    
                text2                          00FD30  0002CC  00FFFC      7E98       0  CODE    
                init                           00FFFC  000004  010000      7FFE       0  CODE    


UNUSED ADDRESS RANGES

        Name                Unused          Largest block    Delta
        BANK0            0000EC-0000FF               14
        BANK1            0001D4-0001FF               2C
        BANK10           000A00-000AFF              100
        BANK11           000B00-000BFF              100
        BANK12           000C00-000CFF              100
        BANK13           000D00-000DFF              100
        BANK14           000E00-000EFF              100
        BANK15           000F00-000FFF              100
        BANK2            000200-0002FF              100
        BANK3            000300-0003FF              100
        BANK4            000400-0004FF              100
        BANK5            000500-0005FF              100
        BANK6            000600-0006FF              100
        BANK7            000700-0007FF              100
        BANK8            000800-0008FF              100
        BANK9            000900-0009FF              100
        BIGRAM           00001B-00005F               45
                         0000EC-0000FF               14
                         0001D4-000FFF              E2C
        CODE             000004-00F87B             F878
        COMRAM           00001B-00005F               45
        CONST            000004-00F87B             F878
        EEDATA           310000-3103FF              400
        MEDIUMCONST      001000-00F87B             E87C
        RAM              0000EC-0000FF               14
                         0001D4-000FFF              100
        SFR              003700-003FFF              100
        SMALLCONST       001000-00F87B              100
        STACK            0001D4-000FFF              E2C

                                  Symbol Table

UART1_SetErrorHandler@interruptHandler        cstackCOMRAM 000001
UART1_SetFramingErrorHandler@interruptHandler cstackCOMRAM 000001
UART1_SetOverrunErrorHandler@interruptHandler cstackCOMRAM 000001
UART1_Write@txData                            cstackCOMRAM 000001
_ANSELA                                       (abs)        003A40
_ANSELB                                       (abs)        003A50
_ANSELC                                       (abs)        003A60
_INLVLA                                       (abs)        003A44
_INLVLB                                       (abs)        003A54
_INLVLC                                       (abs)        003A64
_INLVLE                                       (abs)        003A84
_LATA                                         (abs)        003FBA
_LATB                                         (abs)        003FBB
_LATC                                         (abs)        003FBC
_ODCONA                                       (abs)        003A42
_ODCONB                                       (abs)        003A52
_ODCONC                                       (abs)        003A62
_OSCCON1                                      (abs)        0039D9
_OSCCON3                                      (abs)        0039DB
_OSCEN                                        (abs)        0039DD
_OSCFRQ                                       (abs)        0039DF
_OSCILLATOR_Initialize                        text18       00F8C8
_OSCTUNE                                      (abs)        0039DE
_PIN_MANAGER_Initialize                       text17       00F98A
_PIR3bits                                     (abs)        0039A3
_PMD0                                         (abs)        0039C0
_PMD1                                         (abs)        0039C1
_PMD2                                         (abs)        0039C2
_PMD3                                         (abs)        0039C3
_PMD4                                         (abs)        0039C4
_PMD5                                         (abs)        0039C5
_PMD6                                         (abs)        0039C6
_PMD7                                         (abs)        0039C7
_PMD_Initialize                               text16       00F916
_RC6PPS                                       (abs)        003A16
_SLRCONA                                      (abs)        003A43
_SLRCONB                                      (abs)        003A53
_SLRCONC                                      (abs)        003A63
_SYSTEM_Initialize                            text11       00F8A0
_TRISA                                        (abs)        003FC2
_TRISB                                        (abs)        003FC3
_TRISC                                        (abs)        003FC4
_U1BRGH                                       (abs)        003DF6
_U1BRGL                                       (abs)        003DF5
_U1CON0                                       (abs)        003DF2
_U1CON0bits                                   (abs)        003DF2
_U1CON1                                       (abs)        003DF3
_U1CON2                                       (abs)        003DF4
_U1ERRIE                                      (abs)        003DFA
_U1ERRIR                                      (abs)        003DF9
_U1ERRIRbits                                  (abs)        003DF9
_U1FIFO                                       (abs)        003DF7
_U1P1H                                        (abs)        003DED
_U1P1L                                        (abs)        003DEC
_U1P2H                                        (abs)        003DEF
_U1P2L                                        (abs)        003DEE
_U1P3H                                        (abs)        003DF1
_U1P3L                                        (abs)        003DF0
_U1RXB                                        (abs)        003DE8
_U1RXPPS                                      (abs)        003AE7
_U1TXB                                        (abs)        003DEA
_U1UIR                                        (abs)        003DF8
_UART1_DefaultErrorHandler                    text7        00F87C
_UART1_DefaultFramingErrorHandler             text6        00F87E
_UART1_DefaultOverrunErrorHandler             text5        00F880
_UART1_ErrorHandler                           nvCOMRAM     000012
_UART1_FramingErrorHandler                    nvCOMRAM     000016
_UART1_Initialize                             text12       00F9E0
_UART1_OverrunErrorHandler                    nvCOMRAM     000014
_UART1_Read                                   text4        00FB5C
_UART1_SetErrorHandler                        text15       00F882
_UART1_SetFramingErrorHandler                 text14       00F88C
_UART1_SetOverrunErrorHandler                 text13       00F896
_UART1_Write                                  text10       00F8E0
_UART1_is_rx_ready                            text3        00F8B2
_WPUA                                         (abs)        003A41
_WPUB                                         (abs)        003A51
_WPUC                                         (abs)        003A61
_WPUE                                         (abs)        003A81
__HRAM                                        (abs)        000000
__Habs1                                       abs1         000000
__Hbank0                                      bank0        000000
__Hbank1                                      bank1        000000
__Hbank10                                     bank10       000000
__Hbank11                                     bank11       000000
__Hbank12                                     bank12       000000
__Hbank13                                     bank13       000000
__Hbank14                                     bank14       000000
__Hbank15                                     bank15       000000
__Hbank2                                      bank2        000000
__Hbank3                                      bank3        000000
__Hbank4                                      bank4        000000
__Hbank5                                      bank5        000000
__Hbank6                                      bank6        000000
__Hbank7                                      bank7        000000
__Hbank8                                      bank8        000000
__Hbank9                                      bank9        000000
__Hbigbss                                     bigbss       000000
__Hbigdata                                    bigdata      000000
__Hbigram                                     bigram       000000
__Hbss                                        bss          000000
__HbssBANK0                                   bssBANK0     000000
__HbssCOMRAM                                  bssCOMRAM    000000
__Hcinit                                      cinit        000000
__Hclrtext                                    clrtext      000000
__Hcomram                                     comram       000000
__Hconfig                                     config       30000A
__Hconst                                      const        000000
__HcstackBANK1                                cstackBANK1  000000
__HcstackCOMRAM                               cstackCOMRAM 000000
__Hdata                                       data         000000
__Heeprom_data                                eeprom_data  000000
__Hfarbss                                     farbss       000000
__Hfardata                                    fardata      000000
__Hibigdata                                   ibigdata     000000
__Hidata                                      idata        000000
__Hidloc                                      idloc        200010
__Hifardata                                   ifardata     000000
__Hinit                                       init         010000
__Hintsave_regs                               intsave_regs 000000
__Hirdata                                     irdata       000000
__Hmediumconst                                mediumconst  000000
__HnvCOMRAM                                   nvCOMRAM     000000
__HnvFARRAM                                   nvFARRAM     000000
__Hnvbit                                      nvbit        000000
__Hnvrram                                     nvrram       000000
__Hparam                                      rparam       000000
__Hpowerup                                    powerup      000000
__Hram                                        ram          000000
__Hramtop                                     ramtop       001000
__Hrbit                                       rbit         000000
__Hrbss                                       rbss         000000
__Hrdata                                      rdata        000000
__Hreset_vec                                  reset_vec    000004
__Hrparam                                     rparam       000000
__Hsfr                                        sfr          000000
__Hsmallconst                                 smallconst   000000
__Hspace_0                                    (abs)        010000
__Hspace_1                                    (abs)        0001D4
__Hspace_2                                    (abs)        000000
__Hspace_4                                    (abs)        60000A
__Hstack                                      stack        000000
__Hstruct                                     struct       000000
__Htemp                                       temp         000000
__Htext                                       text         000000
__Htext0                                      text0        000000
__Htext1                                      text1        000000
__Htext10                                     text10       000000
__Htext11                                     text11       000000
__Htext12                                     text12       000000
__Htext13                                     text13       000000
__Htext14                                     text14       000000
__Htext15                                     text15       000000
__Htext16                                     text16       000000
__Htext17                                     text17       000000
__Htext18                                     text18       000000
__Htext19                                     text19       000000
__Htext2                                      text2        000000
__Htext3                                      text3        000000
__Htext4                                      text4        000000
__Htext5                                      text5        000000
__Htext6                                      text6        000000
__Htext7                                      text7        000000
__Htext8                                      text8        000000
__Htext9                                      text9        000000
__LRAM                                        (abs)        000001
__Labs1                                       abs1         000000
__Lbank0                                      bank0        000000
__Lbank1                                      bank1        000000
__Lbank10                                     bank10       000000
__Lbank11                                     bank11       000000
__Lbank12                                     bank12       000000
__Lbank13                                     bank13       000000
__Lbank14                                     bank14       000000
__Lbank15                                     bank15       000000
__Lbank2                                      bank2        000000
__Lbank3                                      bank3        000000
__Lbank4                                      bank4        000000
__Lbank5                                      bank5        000000
__Lbank6                                      bank6        000000
__Lbank7                                      bank7        000000
__Lbank8                                      bank8        000000
__Lbank9                                      bank9        000000
__Lbigbss                                     bigbss       000000
__Lbigdata                                    bigdata      000000
__Lbigram                                     bigram       000000
__Lbss                                        bss          000000
__LbssBANK0                                   bssBANK0     000000
__LbssCOMRAM                                  bssCOMRAM    000000
__Lcinit                                      cinit        000000
__Lclrtext                                    clrtext      000000
__Lcomram                                     comram       000000
__Lconfig                                     config       000000
__Lconst                                      const        000000
__LcstackBANK1                                cstackBANK1  000000
__LcstackCOMRAM                               cstackCOMRAM 000000
__Ldata                                       data         000000
__Leeprom_data                                eeprom_data  000000
__Lfarbss                                     farbss       000000
__Lfardata                                    fardata      000000
__Libigdata                                   ibigdata     000000
__Lidata                                      idata        000000
__Lidloc                                      idloc        000000
__Lifardata                                   ifardata     000000
__Linit                                       init         00FFFC
__Lintsave_regs                               intsave_regs 000000
__Lirdata                                     irdata       000000
__Lmediumconst                                mediumconst  000000
__LnvCOMRAM                                   nvCOMRAM     000000
__LnvFARRAM                                   nvFARRAM     000000
__Lnvbit                                      nvbit        000000
__Lnvrram                                     nvrram       000000
__Lparam                                      rparam       000000
__Lpowerup                                    powerup      000000
__Lram                                        ram          000000
__Lramtop                                     ramtop       001000
__Lrbit                                       rbit         000000
__Lrbss                                       rbss         000000
__Lrdata                                      rdata        000000
__Lreset_vec                                  reset_vec    000000
__Lrparam                                     rparam       000000
__Lsfr                                        sfr          000000
__Lsmallconst                                 smallconst   000000
__Lspace_0                                    (abs)        000000
__Lspace_1                                    (abs)        000000
__Lspace_2                                    (abs)        000000
__Lspace_4                                    (abs)        000000
__Lstack                                      stack        000000
__Lstruct                                     struct       000000
__Ltemp                                       temp         000000
__Ltext                                       text         000000
__Ltext0                                      text0        000000
__Ltext1                                      text1        000000
__Ltext10                                     text10       000000
__Ltext11                                     text11       000000
__Ltext12                                     text12       000000
__Ltext13                                     text13       000000
__Ltext14                                     text14       000000
__Ltext15                                     text15       000000
__Ltext16                                     text16       000000
__Ltext17                                     text17       000000
__Ltext18                                     text18       000000
__Ltext19                                     text19       000000
__Ltext2                                      text2        000000
__Ltext3                                      text3        000000
__Ltext4                                      text4        000000
__Ltext5                                      text5        000000
__Ltext6                                      text6        000000
__Ltext7                                      text7        000000
__Ltext8                                      text8        000000
__Ltext9                                      text9        000000
__S0                                          (abs)        010000
__S1                                          (abs)        0001D4
__S2                                          (abs)        000000
__S4                                          (abs)        000000
__S5                                          (abs)        000000
___inthi_sp                                   stack        000000
___intlo_sp                                   stack        000000
___param_bank                                 (abs)        000000
___rparam_used                                (abs)        000001
___sp                                         stack        000000
__accesstop                                   (abs)        000060
__activetblptr                                (abs)        000002
__end_of_OSCILLATOR_Initialize                text18       00F8E0
__end_of_PIN_MANAGER_Initialize               text17       00F9E0
__end_of_PMD_Initialize                       text16       00F93A
__end_of_SYSTEM_Initialize                    text11       00F8B2
__end_of_UART1_DefaultErrorHandler            text7        00F87E
__end_of_UART1_DefaultFramingErrorHandler     text6        00F880
__end_of_UART1_DefaultOverrunErrorHandler     text5        00F882
__end_of_UART1_Initialize                     text12       00FA48
__end_of_UART1_Read                           text4        00FBF8
__end_of_UART1_SetErrorHandler                text15       00F88C
__end_of_UART1_SetFramingErrorHandler         text14       00F896
__end_of_UART1_SetOverrunErrorHandler         text13       00F8A0
__end_of_UART1_Write                          text10       00F8FA
__end_of_UART1_is_rx_ready                    text3        00F8C8
__end_of__initialization                      cinit        00F90C
__end_of_compareArray                         text9        00F98A
__end_of_compareMessage                       text8        00FD30
__end_of_main                                 text0        00FAC8
__end_of_tryReadMessage                       text2        00FFFC
__end_of_tryToConnect                         text1        00FB5C
__initialization                              cinit        00F8FA
__mediumconst                                 mediumconst  000000
__pbssBANK0                                   bssBANK0     000060
__pbssCOMRAM                                  bssCOMRAM    000018
__pcinit                                      cinit        00F8FA
__pcstackBANK1                                cstackBANK1  000100
__pcstackCOMRAM                               cstackCOMRAM 000001
__pnvCOMRAM                                   nvCOMRAM     000012
__ptext0                                      text0        00FA48
__ptext1                                      text1        00FAC8
__ptext10                                     text10       00F8E0
__ptext11                                     text11       00F8A0
__ptext12                                     text12       00F9E0
__ptext13                                     text13       00F896
__ptext14                                     text14       00F88C
__ptext15                                     text15       00F882
__ptext16                                     text16       00F916
__ptext17                                     text17       00F98A
__ptext18                                     text18       00F8C8
__ptext19                                     text19       000000
__ptext2                                      text2        00FD30
__ptext3                                      text3        00F8B2
__ptext4                                      text4        00FB5C
__ptext5                                      text5        00F880
__ptext6                                      text6        00F87E
__ptext7                                      text7        00F87C
__ptext8                                      text8        00FBF8
__ptext9                                      text9        00F93A
__ramtop                                      ramtop       001000
__size_of_OSCILLATOR_Initialize               (abs)        000000
__size_of_PIN_MANAGER_Initialize              (abs)        000000
__size_of_PMD_Initialize                      (abs)        000000
__size_of_SYSTEM_Initialize                   (abs)        000000
__size_of_UART1_DefaultErrorHandler           (abs)        000000
__size_of_UART1_DefaultFramingErrorHandler    (abs)        000000
__size_of_UART1_DefaultOverrunErrorHandler    (abs)        000000
__size_of_UART1_Initialize                    (abs)        000000
__size_of_UART1_Read                          (abs)        000000
__size_of_UART1_SetErrorHandler               (abs)        000000
__size_of_UART1_SetFramingErrorHandler        (abs)        000000
__size_of_UART1_SetOverrunErrorHandler        (abs)        000000
__size_of_UART1_Write                         (abs)        000000
__size_of_UART1_is_rx_ready                   (abs)        000000
__size_of_compareArray                        (abs)        000000
__size_of_compareMessage                      (abs)        000000
__size_of_main                                (abs)        000000
__size_of_tryReadMessage                      (abs)        000000
__size_of_tryToConnect                        (abs)        000000
__smallconst                                  smallconst   000000
_buf                                          bssCOMRAM    000018
_compareArray                                 text9        00F93A
_compareMessage                               text8        00FBF8
_handshake_message                            bssBANK0     000060
_main                                         text0        00FA48
_msg                                          bssBANK0     0000A6
_tryReadMessage                               text2        00FD30
_tryToConnect                                 text1        00FAC8
_uart1RxLastError                             bssCOMRAM    00001A
compareArray@a                                cstackCOMRAM 000001
compareArray@b                                cstackCOMRAM 000003
compareArray@i                                cstackCOMRAM 000008
compareArray@n                                cstackCOMRAM 000005
compareMessage@m1                             cstackCOMRAM 000009
compareMessage@m2                             cstackCOMRAM 00000B
end_of_initialization                         cinit        00F90C
intlevel0                                     text         000000
intlevel1                                     text         000000
intlevel2                                     text         000000
intlevel3                                     text         000000
isa$std                                       (abs)        000001
isa$xinst                                     (abs)        000000
main@state                                    cstackCOMRAM 000011
stackhi                                       (abs)        000FFF
stacklo                                       (abs)        0001D4
start                                         init         00FFFC
start_initialization                          cinit        00F8FA
tryReadMessage@ID_num                         cstackBANK1  0001D0
tryReadMessage@bytesRead                      cstackBANK1  0001D1
tryReadMessage@checkSum                       cstackBANK1  0001CD
tryReadMessage@i                              cstackBANK1  0001D2
tryReadMessage@i_365                          cstackBANK1  0001D3
tryReadMessage@m                              cstackCOMRAM 000001
tryReadMessage@messageSum                     cstackBANK1  0001C8
tryReadMessage@message_buffer                 cstackBANK1  000100
tryReadMessage@num                            cstackBANK1  0001CC
tryReadMessage@type_dlc                       cstackBANK1  0001CF


MODULE INFORMATION

Module		Function		Class		Link	Load	Size
mcc_generated_files/pin_manager.c
		_PIN_MANAGER_Initialize		CODE           	F98A	0000	86

mcc_generated_files/pin_manager.c estimated size: 86

mcc_generated_files/uart1.c
		_UART1_Write   		CODE           	F8E0	0000	26
		_UART1_SetFramingErrorHandler		CODE           	F88C	0000	10
		_UART1_SetOverrunErrorHandler		CODE           	F896	0000	10
		_UART1_Initialize		CODE           	F9E0	0000	104
		_UART1_SetErrorHandler		CODE           	F882	0000	10
		_UART1_Read    		CODE           	FB5C	0000	156
		_UART1_DefaultFramingErrorHandler		CODE           	F87E	0000	2
		_UART1_is_rx_ready		CODE           	F8B2	0000	22
		_UART1_DefaultErrorHandler		CODE           	F87C	0000	2
		_UART1_DefaultOverrunErrorHandler		CODE           	F880	0000	2

mcc_generated_files/uart1.c estimated size: 344

shared
		__initialization		CODE           	F8FA	0000	18

shared estimated size: 18

mcc_generated_files/mcc.c
		_PMD_Initialize		CODE           	F916	0000	36
		_OSCILLATOR_Initialize		CODE           	F8C8	0000	24
		_SYSTEM_Initialize		CODE           	F8A0	0000	18

mcc_generated_files/mcc.c estimated size: 78

main.c
		_compareArray  		CODE           	F93A	0000	80
		_main          		CODE           	FA48	0000	128
		_compareMessage		CODE           	FBF8	0000	312
		_tryToConnect  		CODE           	FAC8	0000	148
		_tryReadMessage		CODE           	FD30	0000	716

main.c estimated size: 1384

